// Jest Snapshot v1, https://goo.gl/fbAQLP

exports[`renders 1`] = `
<div
  className="Recall"
>
  <div
    className="title"
  >
    Recall
  </div>
  <div
    className="section"
  >
    <a
      href="https://commons.wikimedia.org/wiki/File:Nehemiah_Persoff_1960.JPG"
    >
      <img
        alt="Celebrity"
        className="CelebImage-shadowed-1"
        src="https://upload.wikimedia.org/wikipedia/commons/b/ba/Nehemiah_Persoff_1960.JPG"
      />
    </a>
    <br />
    <div
      aria-describedby={undefined}
      className="MuiFormControl-root-2"
      onBlur={[Function]}
      onFocus={[Function]}
      onKeyPress={undefined}
    >
      <div
        className="MuiInput-root-6 MuiInput-formControl-7 MuiInput-inkbar-8 MuiInput-underline-12"
        onBlur={[Function]}
        onFocus={[Function]}
      >
        <input
          aria-invalid={false}
          aria-required={false}
          autoComplete={undefined}
          autoFocus={true}
          className="MuiInput-input-15"
          defaultValue={undefined}
          disabled={false}
          id={undefined}
          name={undefined}
          onChange={[Function]}
          onKeyDown={undefined}
          onKeyUp={undefined}
          placeholder="Name"
          readOnly={undefined}
          required={undefined}
          rows={undefined}
          type="text"
          value={undefined}
        />
      </div>
    </div>
  </div>
  <div
    className="section"
  >
    <button
      className="MuiButtonBase-root-36 MuiButton-root-21"
      disabled={false}
      onBlur={[Function]}
      onClick={undefined}
      onFocus={[Function]}
      onKeyDown={[Function]}
      onKeyUp={[Function]}
      onMouseDown={[Function]}
      onMouseLeave={[Function]}
      onMouseUp={[Function]}
      onTouchEnd={[Function]}
      onTouchMove={[Function]}
      onTouchStart={[Function]}
      tabIndex={0}
      type="button"
    >
      <span
        className="MuiButton-label-22"
      >
        Next 
        (1/1)
      </span>
      <span
        className="MuiTouchRipple-root-38"
      />
    </button>
  </div>
</div>
`;
