// Jest Snapshot v1, https://goo.gl/fbAQLP

exports[`renders 1`] = `
<div
  className="Intro"
>
  <div
    className="title"
  >
    New game
  </div>
  <fieldset
    className="MuiFormControl-root-1"
    onBlur={[Function]}
    onFocus={[Function]}
  >
    <legend
      className="MuiFormLabel-root-5"
    >
      Settings
    </legend>
    <label
      className="MuiFormControlLabel-root-9"
    >
      <div
        aria-describedby={undefined}
        checked={undefined}
        className="MuiFormControl-root-1 MuiFormControl-marginNormal-2 num-celebs"
        onBlur={[Function]}
        onFocus={[Function]}
      >
        <div
          className="MuiInput-root-12 MuiInput-formControl-13 MuiInput-inkbar-14 MuiInput-underline-18"
          onBlur={[Function]}
          onFocus={[Function]}
        >
          <input
            aria-invalid={false}
            aria-required={false}
            autoComplete={undefined}
            autoFocus={undefined}
            className="MuiInput-input-21 MuiInput-inputType-24"
            defaultValue={undefined}
            disabled={false}
            id={undefined}
            name={undefined}
            onChange={[Function]}
            onKeyDown={undefined}
            onKeyUp={undefined}
            placeholder={undefined}
            readOnly={undefined}
            required={undefined}
            rows={undefined}
            type="number"
            value={5}
          />
        </div>
      </div>
      <span
        className="MuiTypography-root-27 MuiTypography-body1-36 MuiFormControlLabel-label-11"
      >
        Number of celebrities
      </span>
    </label>
    <label
      className="MuiFormControlLabel-root-9"
    >
      <span
        className="MuiSwitch-root-51"
      >
        <span
          className="MuiButtonBase-root-71 MuiIconButton-root-65 MuiSwitchBase-root-60 MuiSwitchBase-default-62 MuiSwitch-default-55"
          onBlur={[Function]}
          onFocus={[Function]}
          onKeyDown={[Function]}
          onKeyUp={[Function]}
          onMouseDown={[Function]}
          onMouseLeave={[Function]}
          onMouseUp={[Function]}
          onTouchEnd={[Function]}
          onTouchMove={[Function]}
          onTouchStart={[Function]}
          role={undefined}
          tabIndex={null}
        >
          <span
            className="MuiIconButton-label-70"
          >
            <span
              className="MuiSwitch-icon-53"
            />
            <input
              checked={undefined}
              className="MuiSwitchBase-input-61"
              disabled={false}
              id={undefined}
              name={undefined}
              onChange={[Function]}
              tabIndex={undefined}
              type="checkbox"
              value={undefined}
            />
          </span>
          <span
            className="MuiTouchRipple-root-73"
          />
        </span>
        <span
          className="MuiSwitch-bar-52"
        />
      </span>
      <span
        className="MuiTypography-root-27 MuiTypography-body1-36 MuiFormControlLabel-label-11"
      >
        Only learn first names
      </span>
    </label>
    <label
      className="MuiFormLabel-root-5"
    >
      Celebrity popularity
    </label>
    <div
      className="MuiFormGroup-root-80"
    >
      <label
        className="MuiFormControlLabel-root-9"
      >
        <span
          className="MuiButtonBase-root-71 MuiIconButton-root-65 MuiSwitchBase-root-60 MuiSwitchBase-default-62 MuiCheckbox-default-82 MuiSwitchBase-checked-63 MuiCheckbox-checked-83 MuiCheckbox-checkedSecondary-85"
          onBlur={[Function]}
          onFocus={[Function]}
          onKeyDown={[Function]}
          onKeyUp={[Function]}
          onMouseDown={[Function]}
          onMouseLeave={[Function]}
          onMouseUp={[Function]}
          onTouchEnd={[Function]}
          onTouchMove={[Function]}
          onTouchStart={[Function]}
          role={undefined}
          tabIndex={null}
        >
          <span
            className="MuiIconButton-label-70"
          >
            <svg
              aria-hidden="true"
              className="MuiSvgIcon-root-87 MuiSvgIcon-fontSize-93"
              color={undefined}
              focusable="false"
              viewBox="0 0 24 24"
            >
              <path
                d="M19 3H5c-1.11 0-2 .9-2 2v14c0 1.1.89 2 2 2h14c1.11 0 2-.9 2-2V5c0-1.1-.89-2-2-2zm-9 14l-5-5 1.41-1.41L10 14.17l7.59-7.59L19 8l-9 9z"
              />
            </svg>
            <input
              checked={true}
              className="MuiSwitchBase-input-61"
              disabled={false}
              id={undefined}
              name={undefined}
              onChange={[Function]}
              tabIndex={undefined}
              type="checkbox"
              value={undefined}
            />
          </span>
          <span
            className="MuiTouchRipple-root-73"
          />
        </span>
        <span
          className="MuiTypography-root-27 MuiTypography-body1-36 MuiFormControlLabel-label-11"
        >
          75th percentile (popular)
        </span>
      </label>
    </div>
    <button
      className="MuiButtonBase-root-71 MuiButton-root-94 start"
      disabled={false}
      onBlur={[Function]}
      onClick={undefined}
      onFocus={[Function]}
      onKeyDown={[Function]}
      onKeyUp={[Function]}
      onMouseDown={[Function]}
      onMouseLeave={[Function]}
      onMouseUp={[Function]}
      onTouchEnd={[Function]}
      onTouchMove={[Function]}
      onTouchStart={[Function]}
      tabIndex={0}
      type="button"
    >
      <span
        className="MuiButton-label-95"
      >
        Start
      </span>
      <span
        className="MuiTouchRipple-root-73"
      />
    </button>
  </fieldset>
</div>
`;
