// Jest Snapshot v1, https://goo.gl/fbAQLP

exports[`renders 1`] = `
<div
  className="Intro"
>
  <div
    className="title"
  >
    New game
  </div>
  <fieldset
    className="MuiFormControl-root-1"
    onBlur={[Function]}
    onFocus={[Function]}
  >
    <legend
      className="MuiFormLabel-root-5"
    >
      Settings
    </legend>
    <label
      className="MuiFormControlLabel-root-9"
    >
      <span
        className="MuiSwitch-root-12"
      >
        <span
          className="MuiButtonBase-root-32 MuiIconButton-root-26 MuiSwitchBase-root-21 MuiSwitchBase-default-23 MuiSwitch-default-16"
          onBlur={[Function]}
          onFocus={[Function]}
          onKeyDown={[Function]}
          onKeyUp={[Function]}
          onMouseDown={[Function]}
          onMouseLeave={[Function]}
          onMouseUp={[Function]}
          onTouchEnd={[Function]}
          onTouchMove={[Function]}
          onTouchStart={[Function]}
          role={undefined}
          tabIndex={null}
        >
          <span
            className="MuiIconButton-label-31"
          >
            <span
              className="MuiSwitch-icon-14"
            />
            <input
              checked={undefined}
              className="MuiSwitchBase-input-22"
              disabled={false}
              id={undefined}
              name={undefined}
              onChange={[Function]}
              tabIndex={undefined}
              type="checkbox"
              value={undefined}
            />
          </span>
          <span
            className="MuiTouchRipple-root-34"
          />
        </span>
        <span
          className="MuiSwitch-bar-13"
        />
      </span>
      <span
        className="MuiTypography-root-41 MuiTypography-body1-50 MuiFormControlLabel-label-11"
      >
        Only learn first names
      </span>
    </label>
    <label
      className="MuiFormLabel-root-5"
    >
      Celebrity popularity
    </label>
    <div
      className="MuiFormGroup-root-65"
    >
      <label
        className="MuiFormControlLabel-root-9"
      >
        <span
          className="MuiButtonBase-root-32 MuiIconButton-root-26 MuiSwitchBase-root-21 MuiSwitchBase-default-23 MuiCheckbox-default-67 MuiSwitchBase-checked-24 MuiCheckbox-checked-68 MuiCheckbox-checkedSecondary-70"
          onBlur={[Function]}
          onFocus={[Function]}
          onKeyDown={[Function]}
          onKeyUp={[Function]}
          onMouseDown={[Function]}
          onMouseLeave={[Function]}
          onMouseUp={[Function]}
          onTouchEnd={[Function]}
          onTouchMove={[Function]}
          onTouchStart={[Function]}
          role={undefined}
          tabIndex={null}
        >
          <span
            className="MuiIconButton-label-31"
          >
            <svg
              aria-hidden="true"
              className="MuiSvgIcon-root-72 MuiSvgIcon-fontSize-78"
              color={undefined}
              focusable="false"
              viewBox="0 0 24 24"
            >
              <path
                d="M19 3H5c-1.11 0-2 .9-2 2v14c0 1.1.89 2 2 2h14c1.11 0 2-.9 2-2V5c0-1.1-.89-2-2-2zm-9 14l-5-5 1.41-1.41L10 14.17l7.59-7.59L19 8l-9 9z"
              />
            </svg>
            <input
              checked={true}
              className="MuiSwitchBase-input-22"
              disabled={false}
              id={undefined}
              name={undefined}
              onChange={[Function]}
              tabIndex={undefined}
              type="checkbox"
              value={undefined}
            />
          </span>
          <span
            className="MuiTouchRipple-root-34"
          />
        </span>
        <span
          className="MuiTypography-root-41 MuiTypography-body1-50 MuiFormControlLabel-label-11"
        >
          75th percentile (popular)
        </span>
      </label>
    </div>
    <button
      className="MuiButtonBase-root-32 MuiButton-root-79 start"
      disabled={false}
      onBlur={[Function]}
      onClick={undefined}
      onFocus={[Function]}
      onKeyDown={[Function]}
      onKeyUp={[Function]}
      onMouseDown={[Function]}
      onMouseLeave={[Function]}
      onMouseUp={[Function]}
      onTouchEnd={[Function]}
      onTouchMove={[Function]}
      onTouchStart={[Function]}
      tabIndex={0}
      type="button"
    >
      <span
        className="MuiButton-label-80"
      >
        Start
      </span>
      <span
        className="MuiTouchRipple-root-34"
      />
    </button>
  </fieldset>
</div>
`;
