// Jest Snapshot v1, https://goo.gl/fbAQLP

exports[`renders 1`] = `
<div
  className="Memorize"
>
  <div
    className="title"
  >
    Memorize
  </div>
  <div
    className="section"
  >
    <img
      alt="Celebrity"
      src="/celebs/aaliyah.jpg"
    />
    <div
      className="subtitle"
    >
      Aaliyah
    </div>
  </div>
  <div
    className="section"
  >
    <button
      onClick={undefined}
    >
      Next 
      1 / 1
    </button>
  </div>
</div>
`;
