// Jest Snapshot v1, https://goo.gl/fbAQLP

exports[`renders 1`] = `
<div
  className="Memorize"
>
  <div
    className="title"
  >
    Memorize
  </div>
  <div
    className="section"
  >
    <a
      href="https://commons.wikimedia.org/wiki/File:Arnold_Schwarzenegger_in_Film_Festival.jpg"
    >
      <img
        alt="Celebrity"
        className="CelebImage-shadowed-1"
        src="https://upload.wikimedia.org/wikipedia/commons/thumb/1/1c/Arnold_Schwarzenegger_in_Film_Festival.jpg/800px-Arnold_Schwarzenegger_in_Film_Festival.jpg"
      />
    </a>
    <div
      className="subtitle"
    >
      <a
        className="name"
        href="https://en.wikipedia.org/?curid=1806"
      >
        Arnold Schwarzenegger
      </a>
    </div>
  </div>
  <div
    className="section"
  >
    <button
      className="MuiButtonBase-root-17 MuiButton-root-2"
      disabled={false}
      onBlur={[Function]}
      onClick={undefined}
      onFocus={[Function]}
      onKeyDown={[Function]}
      onKeyUp={[Function]}
      onMouseDown={[Function]}
      onMouseLeave={[Function]}
      onMouseUp={[Function]}
      onTouchEnd={[Function]}
      onTouchMove={[Function]}
      onTouchStart={[Function]}
      tabIndex={0}
      type="button"
    >
      <span
        className="MuiButton-label-3"
      >
        Next 
        (1/1)
      </span>
      <span
        className="MuiTouchRipple-root-19"
      />
    </button>
  </div>
</div>
`;
