// Jest Snapshot v1, https://goo.gl/fbAQLP

exports[`renders 1`] = `
<div
  className="Memorize"
>
  <div
    className="title"
  >
    Memorize
  </div>
  <div
    className="section"
  >
    <img
      alt="Celebrity"
      src="http://via.placeholder.com/300x300"
    />
    <div
      className="subtitle"
    >
      Name
    </div>
  </div>
  <div
    className="section"
  >
    <button
      onClick={undefined}
    >
      Next 
      NaN / undefined
    </button>
  </div>
</div>
`;
